docker-compose : time="2025-12-01T19:20:17-03:00" level=warning msg="C:\\Users\\Felipe Cruz\\Documents\\projetos\\galeria-de-defensores\\docker-compose.yml: the attribute `version` is obsolete, it will 
be ignored, please remove it to avoid potential confusion"
No linha:1 caractere:1
+ docker-compose run --rm android-build ./gradlew assembleDebug > build ...
+ ~~~~~~~~~~~~~~~~~~~~~~~~~~~~~~~~~~~~~~~~~~~~~~~~~~~~~~~~~~~~~~~~~~~~~
    + CategoryInfo          : NotSpecified: (time="2025-12-0...tial confusion":String) [], RemoteException
    + FullyQualifiedErrorId : NativeCommandError
 
JAVA_HOME (/usr/local/openjdk-17) parece inválido ou vazio. Tentando detectar...
Novo JAVA_HOME detectado: /opt/java/openjdk
--- Verificando Gradle 7.5 ---
Usando GRADLE_USER_HOME=/tmp/gradle_home
Gradle não encontrado. Baixando...
Extraindo...
Gradle instalado em /tmp/gradle_install
Executando build...

Welcome to Gradle 7.5!

Here are the highlights of this release:
 - Support for Java 18
 - Support for building with Groovy 4
 - Much more responsive continuous builds
 - Improved diagnostics for dependency resolution

For more details see https://docs.gradle.org/7.5/release-notes.html

To honour the JVM settings for this build a single-use Daemon process will be forked. See https://docs.gradle.org/7.5/userguide/gradle_daemon.html#sec:disabling_the_daemon.
Daemon will be stopped at the end of the build 

FAILURE: Build failed with an exception.

* Where:
Build file '/workspace/app/build.gradle' line: 37

* What went wrong:
Could not compile build file '/workspace/app/build.gradle'.
> startup failed:
  build file '/workspace/app/build.gradle': 37: Unexpected input: '{' @ line 37, column 14.
     dependencies {
                  ^
  
  1 error


* Try:
> Run with --stacktrace option to get the stack trace.
> Run with --info or --debug option to get more log output.
> Run with --scan to get full insights.

* Get more help at https://help.gradle.org

BUILD FAILED in 56s

